The 2-matrix_divided module
======================

Using matrix_divided function
-------------------


>>> matrix_divided = __import__("2-matrix_divided").matrix_divided

--------------------------------
----Case 1: division by zer0----
--------------------------------

>>> matrix_divided([[1, 2, 3],[4, 5, 6]], 0)
Traceback (most recent call last):
...
ZeroDivisionError: division by zero

>>> matrix_divided([[1, 2],[4, 5, 6]], 0)
Traceback (most recent call last):
...
TypeError: Each row of the matrix must have the same size

>>> matrix_divided([[1, 2, 'kiko'],[4, 5, 6]], 0)
Traceback (most recent call last):
...
TypeError: matrix must be a matrix (list of lists) of integers/floats

>>> matrix_divided(None, 0)
Traceback (most recent call last):
...
TypeError: matrix must be a matrix (list of lists) of integers/floats

>>> matrix_divided([4, 5, 6], 0)
Traceback (most recent call last):
...
TypeError: matrix must be a matrix (list of lists) of integers/floats

----------------------------
----Case 2: Not a matrix----
----------------------------

>>> matrix_divided([4, 5, 6], 4)
Traceback (most recent call last):
...
TypeError: matrix must be a matrix (list of lists) of integers/floats

>>> matrix_divided([4, 5, "6"], 4)
Traceback (most recent call last):
...
TypeError: matrix must be a matrix (list of lists) of integers/floats

>>> matrix_divided([[4, 5, 6], [1, 3, '5']], 4)
Traceback (most recent call last):
...
TypeError: matrix must be a matrix (list of lists) of integers/floats

>>> matrix_divided([[4, 5, 6], [2, 'string']], 4)
Traceback (most recent call last):
...
TypeError: matrix must be a matrix (list of lists) of integers/floats

>>> matrix_divided([[4, [1, 2, 45], 6], [1, 3, '5']], 4)
Traceback (most recent call last):
...
TypeError: matrix must be a matrix (list of lists) of integers/floats

>>> matrix_divided()
Traceback (most recent call last):
...
TypeError: matrix_divided() missing 2 required positional arguments: 'matrix' and 'div'

>>> matrix_divided([[1], [3]])
Traceback (most recent call last):
...
TypeError: matrix_divided() missing 1 required positional argument: 'div'

>>> matrix_divided( , )
Traceback (most recent call last):
...
SyntaxError: invalid syntax

>>> matrix_divided( , 9)
Traceback (most recent call last):
...
SyntaxError: invalid syntax

>>> matrix_divided(None, None)
Traceback (most recent call last):
...
TypeError: matrix must be a matrix (list of lists) of integers/floats

>>> matrix_divided([[1, 2]], 2)
[[0.5, 1.0]]

>>> matrix_divided([[1, 2], 'wer'], 2)
Traceback (most recent call last):
...
TypeError: matrix must be a matrix (list of lists) of integers/floats

>>> matrix_divided([[2, 4.5], [2, 4, 5, 6]], 56)
Traceback (most recent call last):
...
TypeError: Each row of the matrix must have the same size

>>> matrix_divided([[2.4, 3.5], [1.2, 3.5]], 2)
[[1.2, 1.75], [0.6, 1.75]]
